GAS LISTING exit.s 			page 1


   1              	/*
   2              	  exit.s: Exits a program.
   3              	
   4              	  Copyright (c) 2016 Walter Fetter Lages <w.fetter@ieee.org>
   5              	
   6              	    This program is free software; you can redistribute it and/or modify
   7              	    it under the terms of the GNU General Public License as published by
   8              	    the Free Software Foundation; either version 2 of the License, or
   9              	    (at your option) any later version.
  10              	
  11              	    This program is distributed in the hope that it will be useful,
  12              	    but WITHOUT ANY WARRANTY; without even the implied warranty of
  13              	    MERCHANTABILITY or FITNESS FOR A PARTICULAR PURPOSE.  See the
  14              	    GNU General Public License for more details.
  15              	
  16              	    You should have received a copy of the GNU General Public License
  17              	    along with this program; if not, write to the Free Software
  18              	    Foundation, Inc., 675 Mass Ave, Cambridge, MA 02139, USA.
  19              	
  20              	    You can also obtain a copy of the GNU General Public License
  21              	    at <http://www.gnu.org/licenses>.
  22              	*/
  23              	
  24              		.intel_syntax noprefix
  25              	
  26              		.text
  27              		.global exit
  28              	
  29              	
  30              	exit:
  31              	# parameters: exit code
  32 0000 55       		push	ebp
  33 0001 89E5     		mov	ebp,esp
  34 0003 53       		push	ebx
  35              	
  36 0004 8B5D08   		mov	ebx,[ebp+8]	# exit code
  37 0007 B8010000 		mov	eax,1		# system call number (sys_exit)
  37      00
  38 000c CD80     		int	0x80		# call kernel
  39              		
  40 000e 5B       		pop	ebx
  41 000f 5D       		pop	ebp
  42 0010 C3       		ret
  43              	
GAS LISTING exit.s 			page 2


DEFINED SYMBOLS
              exit.s:30     .text:0000000000000000 exit

NO UNDEFINED SYMBOLS
